// Jest Snapshot v1, https://goo.gl/fbAQLP

exports[`MyProfile component test 1`] = `
<h1>
  Not Found
</h1>
`;
